[websec-auditor] using python:
Python 3.12.10
imports OK
[websec-auditor] building knowledge base (one-time)...
[build_kb] wrote 16 passages -> D:\websec-auditor\data\kb_books.jsonl
[build_kb] A=12 B=4 (C = add your own PDFs via analyzer.ingest_pdf)
[websec-auditor] starting backend servers...
[websec-auditor] waiting for servers to bind...
'ok' is not recognized as an internal or external command,
operable program or batch file.
'ok' is not recognized as an internal or external command,
operable program or batch file.
'ok' is not recognized as an internal or external command,
operable program or batch file.
'ok' is not recognized as an internal or external command,
operable program or batch file.
'ok' is not recognized as an internal or external command,
operable program or batch file.
'ok' is not recognized as an internal or external command,
operable program or batch file.
'ok' is not recognized as an internal or external command,
operable program or batch file.
'ok' is not recognized as an internal or external command,
operable program or batch file.
'ok' is not recognized as an internal or external command,
operable program or batch file.
'ok' is not recognized as an internal or external command,
operable program or batch file.
'ok' is not recognized as an internal or external command,
operable program or batch file.
'ok' is not recognized as an internal or external command,
operable program or batch file.
'ok' is not recognized as an internal or external command,
operable program or batch file.
'ok' is not recognized as an internal or external command,
operable program or batch file.
'ok' is not recognized as an internal or external command,
operable program or batch file.
'ok' is not recognized as an internal or external command,
operable program or batch file.
'ok' is not recognized as an internal or external command,
operable program or batch file.
'ok' is not recognized as an internal or external command,
operable program or batch file.
'ok' is not recognized as an internal or external command,
operable program or batch file.
'ok' is not recognized as an internal or external command,
operable program or batch file.
'ok' is not recognized as an internal or external command,
operable program or batch file.
'ok' is not recognized as an internal or external command,
operable program or batch file.
'ok' is not recognized as an internal or external command,
operable program or batch file.
'ok' is not recognized as an internal or external command,
operable program or batch file.
'ok' is not recognized as an internal or external command,
operable program or batch file.
'ok' is not recognized as an internal or external command,
operable program or batch file.
'ok' is not recognized as an internal or external command,
operable program or batch file.
'ok' is not recognized as an internal or external command,
operable program or batch file.
'ok' is not recognized as an internal or external command,
operable program or batch file.
'ok' is not recognized as an internal or external command,
operable program or batch file.
[!] servers did not bind within 30s -- check the minimized windows for errors.
[websec-auditor] opening frontend in your browser...

 Backend running:
   Frontend (UI) : http://127.0.0.1:8000/
   Demo target   : http://127.0.0.1:8099/   (paste this into the UI)

 Close the two minimized python windows to stop the servers.
 (This window can be closed; backend keeps running in background.)
